\BOOKMARK [1][-]{Doc-Start}{\376\377\000I\000n\000t\000r\000o\000d\000u\000c\000t\000i\000o\000n}{}% 1
\BOOKMARK [1][-]{Doc-Start}{\376\377\000S\000o\000m\000m\000a\000i\000r\000e}{}% 2
\BOOKMARK [0][-]{part.1}{\376\377\000I\000\040\000P\000r\000\351\000s\000e\000n\000t\000a\000t\000i\000o\000n\000\040\000d\000u\000\040\000b\000a\000n\000c\000\040\000d\040\031\000e\000s\000s\000a\000i}{}% 3
\BOOKMARK [1][-]{section.1}{\376\377\000O\000b\000j\000e\000c\000t\000i\000f\000s\000\040\000d\000e\000\040\000l\000a\000\040\000s\000\351\000a\000n\000c\000e\000\040\000d\000e\000\040\000t\000r\000a\000v\000a\000u\000x\000\040\000p\000r\000a\000t\000i\000q\000u\000e\000s}{part.1}% 4
\BOOKMARK [1][-]{section.2}{\376\377\000P\000r\000\351\000s\000e\000n\000t\000a\000t\000i\000o\000n\000\040\000d\000u\000\040\000b\000a\000n\000c\000\040\000d\040\031\000e\000s\000s\000a\000i}{part.1}% 5
\BOOKMARK [1][-]{section.3}{\376\377\000I\000d\000e\000n\000t\000i\000f\000i\000c\000a\000t\000i\000o\000n\000\040\000d\000e\000s\000\040\000c\000a\000p\000t\000e\000u\000r\000s}{part.1}% 6
\BOOKMARK [2][-]{subsection.3.1}{\376\377\000C\000a\000p\000t\000e\000u\000r\000\040\000B\000C\000S\0000\0000\000L\000M\000\040\000:\000\040\000c\000o\000m\000m\000u\000t\000a\000t\000e\000u\000r\000\040\000d\000i\000g\000i\000t\000a\000l}{section.3}% 7
\BOOKMARK [2][-]{subsection.3.2}{\376\377\000C\000a\000p\000t\000e\000u\000r\000\040\000U\000G\000T\0005\0008\0002\000\040\000:\000\040\000D\000\351\000t\000e\000c\000t\000e\000u\000r\000\040\000\340\000\040\000u\000l\000t\000r\000a\000s\000o\000n\000s}{section.3}% 8
\BOOKMARK [2][-]{subsection.3.3}{\376\377\000C\000a\000p\000t\000e\000u\000r\000\040\000G\000R\0003\0000\0000\0000\000A\0000\0000\000\040\000:\000\040\000c\000a\000p\000t\000e\000u\000r\000\040\000d\000e\000\040\000p\000r\000e\000s\000s\000i\000o\000n}{section.3}% 9
\BOOKMARK [2][-]{subsection.3.4}{\376\377\000C\000a\000p\000t\000e\000u\000r\000\040\000M\0001\0000\0000\0000\000\040\000:\000\040\000l\000e\000\040\000d\000\351\000b\000i\000t\000m\000\350\000t\000r\000e\000\040\000\351\000l\000e\000c\000t\000r\000o\000m\000a\000g\000n\000\351\000t\000i\000q\000u\000e}{section.3}% 10
\BOOKMARK [1][-]{section.4}{\376\377\000S\000y\000n\000t\000h\000\350\000s\000e\000\040\000d\000e\000s\000\040\000c\000a\000p\000t\000e\000u\000r\000s}{part.1}% 11
\BOOKMARK [1][-]{section.5}{\376\377\000R\000\351\000c\000u\000p\000\351\000r\000a\000t\000i\000o\000n\000\040\000d\000e\000s\000\040\000m\000e\000s\000u\000r\000e\000s\000\040\000s\000u\000r\000\040\000l\000e\000\040\000v\000a\000r\000i\000a\000t\000e\000u\000r}{part.1}% 12
\BOOKMARK [0][-]{part.2}{\376\377\000I\000I\000\040\000D\000\351\000m\000a\000r\000r\000a\000g\000e\000\040\000d\000u\000\040\000v\000a\000r\000i\000a\000t\000e\000u\000r\000\040\000e\000t\000\040\000a\000c\000q\000u\000i\000s\000i\000t\000i\000o\000n\000\040\000d\000e\000s\000\040\000d\000o\000n\000n\000\351\000e\000s}{}% 13
\BOOKMARK [1][-]{section.6}{\376\377\000C\000o\000m\000m\000u\000n\000i\000c\000a\000t\000i\000o\000n\000\040\000a\000v\000e\000c\000\040\000l\000e\000\040\000v\000a\000r\000i\000a\000t\000e\000u\000r}{part.2}% 14
\BOOKMARK [1][-]{section.7}{\376\377\000A\000c\000q\000u\000i\000s\000i\000t\000i\000o\000n\000\040\000d\000e\000s\000\040\000d\000o\000n\000n\000\351\000e\000s}{part.2}% 15
\BOOKMARK [2][-]{subsection.7.1}{\376\377\000C\000a\000p\000t\000e\000u\000r\000\040\000n\000i\000v\000e\000a\000u\000\040\000:\000\040\000d\000\351\000t\000e\000c\000t\000e\000u\000r\000\040\000\340\000\040\000u\000l\000t\000r\000a\000s\000o\000n\000\040\000U\000G\000T\0005\0008\0002}{section.7}% 16
\BOOKMARK [2][-]{subsection.7.2}{\376\377\000C\000a\000p\000t\000e\000u\000r\000\040\000d\000e\000\040\000p\000r\000e\000s\000s\000i\000o\000n\000\040\000:\000\040\000t\000r\000a\000n\000s\000d\000u\000c\000t\000e\000u\000r\000\040\000d\000e\000\040\000p\000r\000e\000s\000s\000i\000o\000n\000\040\000r\000e\000l\000a\000t\000i\000v\000e\000\040\040\023\000\040\000G\000R\0003\0000\0000\0000\000A\0000\0000}{section.7}% 17
\BOOKMARK [2][-]{subsection.7.3}{\376\377\000C\000a\000p\000t\000e\000u\000r\000\040\000d\000e\000\040\000d\000\351\000b\000i\000t\000\040\000:\000\040\000M\0001\0000\0000\0000}{section.7}% 18
\BOOKMARK [0][-]{part.3}{\376\377\000I\000I\000I\000\040\000A\000n\000a\000l\000y\000s\000e\000\040\000d\000e\000s\000\040\000r\000\351\000s\000u\000l\000t\000a\000t\000s\000\040\000e\000x\000p\000\351\000r\000i\000m\000e\000n\000t\000a\000u\000x}{}% 19
\BOOKMARK [1][-]{section.8}{\376\377\000C\000a\000r\000a\000c\000t\000\351\000r\000i\000s\000a\000t\000i\000o\000n\000\040\000d\000e\000s\000\040\000r\000\351\000p\000o\000n\000s\000e\000s\000\040\000i\000n\000d\000i\000c\000i\000e\000l\000l\000e\000s\000\040\000\050\000\351\000c\000h\000e\000l\000o\000n\000\040\000d\000e\000\040\000v\000i\000t\000e\000s\000s\000e\000\051}{part.3}% 20
\BOOKMARK [2][-]{subsection.8.1}{\376\377\000\311\000v\000o\000l\000u\000t\000i\000o\000n\000\040\000d\000u\000\040\000d\000\351\000b\000i\000t}{section.8}% 21
\BOOKMARK [2][-]{subsection.8.2}{\376\377\000\311\000v\000o\000l\000u\000t\000i\000o\000n\000\040\000d\000e\000\040\000l\000a\000\040\000p\000r\000e\000s\000s\000i\000o\000n}{section.8}% 22
\BOOKMARK [2][-]{subsection.8.3}{\376\377\000\311\000v\000o\000l\000u\000t\000i\000o\000n\000\040\000d\000u\000\040\000n\000i\000v\000e\000a\000u}{section.8}% 23
\BOOKMARK [1][-]{section.9}{\376\377\000I\000d\000e\000n\000t\000i\000f\000i\000c\000a\000t\000i\000o\000n\000\040\000d\000e\000\040\000l\000a\000\040\000f\000o\000n\000c\000t\000i\000o\000n\000\040\000d\000e\000\040\000t\000r\000a\000n\000s\000f\000e\000r\000t}{part.3}% 24
\BOOKMARK [1][-]{section.10}{\376\377\000P\000r\000o\000b\000l\000\350\000m\000e\000s\000\040\000l\000i\000\351\000s\000\040\000\340\000\040\000l\000a\000\040\000m\000i\000s\000e\000\040\000e\000n\000\040\000p\000l\000a\000c\000e\000\040\000d\000'\000u\000n\000e\000\040\000r\000\351\000g\000u\000l\000a\000t\000i\000o\000n}{part.3}% 25
\BOOKMARK [0][-]{part.4}{\376\377\000I\000V\000\040\000C\000o\000n\000c\000l\000u\000s\000i\000o\000n}{}% 26
\BOOKMARK [1][-]{section*.8}{\376\377\000R\000\351\000f\000\351\000r\000e\000n\000c\000e\000s}{part.4}% 27
