\BOOKMARK [0][-]{chapter*.1}{\376\377\000R\000e\000m\000e\000r\000c\000i\000e\000m\000e\000n\000t\000s}{}% 1
\BOOKMARK [0][-]{chapter*.2}{\376\377\000R\000\351\000s\000u\000m\000\351}{}% 2
\BOOKMARK [0][-]{chapter.1}{\376\377\000P\000r\000\351\000s\000e\000n\000t\000a\000t\000i\000o\000n\000\040\000d\000e\000\040\000l\000'\000e\000n\000t\000r\000e\000p\000r\000i\000s\000e\000\040\000e\000t\000\040\000d\000u\000\040\000s\000e\000r\000v\000i\000c\000e}{}% 3
\BOOKMARK [1][-]{section.1.1}{\376\377\000P\000r\000\351\000s\000e\000n\000t\000a\000t\000i\000o\000n\000\040\000d\000e\000\040\000l\000'\000e\000n\000t\000r\000e\000p\000r\000i\000s\000e}{chapter.1}% 4
\BOOKMARK [2][-]{subsection.1.1.1}{\376\377\000C\000a\000r\000t\000e\000\040\000d\000'\000i\000d\000e\000n\000t\000i\000t\000\351\000\040\000e\000t\000\040\000c\000a\000r\000a\000c\000t\000\351\000r\000i\000s\000t\000i\000q\000u\000e\000s}{section.1.1}% 5
\BOOKMARK [2][-]{subsection.1.1.2}{\376\377\000H\000i\000s\000t\000o\000r\000i\000q\000u\000e\000\040\000d\000e\000\040\000l\000'\000e\000n\000t\000r\000e\000p\000r\000i\000s\000e}{section.1.1}% 6
\BOOKMARK [2][-]{subsection.1.1.3}{\376\377\000I\000m\000p\000l\000a\000n\000t\000a\000t\000i\000o\000n\000\040\000g\000\351\000o\000g\000r\000a\000p\000h\000i\000q\000u\000e}{section.1.1}% 7
\BOOKMARK [1][-]{section.1.2}{\376\377\000P\000r\000\351\000s\000e\000n\000t\000a\000t\000i\000o\000n\000\040\000d\000u\000\040\000s\000e\000r\000v\000i\000c\000e\000\040\000d\000'\000a\000c\000c\000u\000e\000i\000l}{chapter.1}% 8
\BOOKMARK [2][-]{subsection.1.2.1}{\376\377\000G\000o\000u\000v\000e\000r\000n\000a\000n\000c\000e\000\040\000g\000l\000o\000b\000a\000l\000e\000\040\000e\000t\000\040\000e\000n\000v\000i\000r\000o\000n\000n\000e\000m\000e\000n\000t\000\040\000h\000u\000m\000a\000i\000n}{section.1.2}% 9
\BOOKMARK [2][-]{subsection.1.2.2}{\376\377\000L\000'\000A\000x\000e\000\040\000I\000S\000P\000R\000\040\000e\000t\000\040\000l\000'\000\351\000q\000u\000i\000p\000e\000\040\000C\000o\000m\000S\000e\000e}{section.1.2}% 10
\BOOKMARK [2][-]{subsection.1.2.3}{\376\377\000E\000n\000v\000i\000r\000o\000n\000n\000e\000m\000e\000n\000t\000\040\000t\000e\000c\000h\000n\000i\000q\000u\000e\000\040\000e\000t\000\040\000p\000l\000a\000t\000e\000f\000o\000r\000m\000e\000s\000\040\000d\000'\000e\000x\000p\000\351\000r\000i\000m\000e\000n\000t\000a\000t\000i\000o\000n}{section.1.2}% 11
\BOOKMARK [0][-]{chapter.2}{\376\377\000L\000e\000\040\000p\000o\000s\000t\000e\000\040\000o\000c\000c\000u\000p\000\351\000\040\000e\000t\000\040\000l\000'\000\351\000t\000u\000d\000e\000\040\000c\000o\000n\000f\000i\000\351\000e}{}% 12
\BOOKMARK [1][-]{section.2.1}{\376\377\000P\000r\000\351\000s\000e\000n\000t\000a\000t\000i\000o\000n\000\040\000d\000u\000\040\000p\000o\000s\000t\000e}{chapter.2}% 13
\BOOKMARK [1][-]{section.2.2}{\376\377\000P\000r\000\351\000s\000e\000n\000t\000a\000t\000i\000o\000n\000\040\000d\000e\000\040\000l\000'\000\351\000t\000u\000d\000e}{chapter.2}% 14
\BOOKMARK [2][-]{subsection.2.2.1}{\376\377\000A\000n\000a\000l\000y\000s\000e\000\040\000e\000t\000\040\000C\000r\000i\000t\000i\000q\000u\000e\000\040\000d\000e\000\040\000l\000'\000e\000x\000i\000s\000t\000a\000n\000t\000\040\000a\000v\000a\000n\000t\000\040\000l\000e\000\040\000d\000\351\000m\000a\000r\000r\000a\000g\000e\000\040\000d\000e\000\040\000l\000'\000\351\000t\000u\000d\000e}{section.2.2}% 15
\BOOKMARK [2][-]{subsection.2.2.2}{\376\377\000P\000r\000o\000p\000o\000s\000i\000t\000i\000o\000n\000\040\000d\000e\000\040\000s\000o\000l\000u\000t\000i\000o\000n\000s\000\040\000:\000\040\000P\000i\000p\000e\000l\000i\000n\000e\000\040\000d\000e\000\040\000p\000r\000\351\000-\000t\000r\000a\000i\000t\000e\000m\000e\000n\000t\000\040\000a\000m\000o\000n\000t\000\040\000e\000t\000\040\000s\000\351\000l\000e\000c\000t\000i\000o\000n\000\040\000i\000n\000t\000e\000l\000l\000i\000g\000e\000n\000t\000e}{section.2.2}% 16
\BOOKMARK [2][-]{subsection.2.2.3}{\376\377\000\311\000t\000u\000d\000e\000\040\000:\000\040\000C\000a\000d\000r\000e\000\040\000e\000x\000p\000\351\000r\000i\000m\000e\000n\000t\000a\000l\000\040\000e\000t\000\040\000a\000r\000c\000h\000i\000t\000e\000c\000t\000u\000r\000e\000\040\000m\000u\000l\000t\000i\000-\000c\000a\000p\000t\000e\000u\000r\000s}{section.2.2}% 17
\BOOKMARK [2][-]{subsection.2.2.4}{\376\377\000M\000i\000s\000e\000\040\000e\000n\000\040\000p\000l\000a\000c\000e\000\040\000e\000t\000\040\000s\000u\000i\000v\000i\000\040\000d\000e\000s\000\040\000s\000o\000l\000u\000t\000i\000o\000n\000s}{section.2.2}% 18
\BOOKMARK [2][-]{subsection.2.2.5}{\376\377\000B\000i\000l\000a\000n}{section.2.2}% 19
\BOOKMARK [0][-]{chapter*.19}{\376\377\000C\000o\000n\000c\000l\000u\000s\000i\000o\000n}{}% 20
\BOOKMARK [0][-]{chapter*.20}{\376\377\000B\000i\000b\000l\000i\000o\000g\000r\000a\000p\000h\000i\000e}{}% 21
\BOOKMARK [0][-]{appendix.A}{\376\377\000C\000o\000m\000p\000l\000\351\000m\000e\000n\000t\000s\000\040\000t\000e\000c\000h\000n\000i\000q\000u\000e\000s\000\040\000s\000u\000r\000\040\000V\000G\000G\000T}{}% 22
\BOOKMARK [1][-]{section.A.1}{\376\377\000O\000b\000j\000e\000c\000t\000i\000f\000\040\000e\000t\000\040\000p\000r\000i\000n\000c\000i\000p\000e\000\040\000g\000\351\000n\000\351\000r\000a\000l}{appendix.A}% 23
\BOOKMARK [1][-]{section.A.2}{\376\377\000R\000e\000p\000r\000\351\000s\000e\000n\000t\000a\000t\000i\000o\000n\000\040\000d\000e\000s\000\040\000i\000m\000a\000g\000e\000s\000\040\000e\000t\000\040\000d\000e\000s\000\040\000t\000o\000k\000e\000n\000s}{appendix.A}% 24
\BOOKMARK [1][-]{section.A.3}{\376\377\000M\000\351\000c\000a\000n\000i\000s\000m\000e\000\040\000d\000'\000a\000t\000t\000e\000n\000t\000i\000o\000n\000\040\000a\000l\000t\000e\000r\000n\000\351\000e}{appendix.A}% 25
\BOOKMARK [2][-]{subsection.A.3.1}{\376\377\000A\000t\000t\000e\000n\000t\000i\000o\000n\000\040\000a\000u\000\040\000s\000e\000i\000n\000\040\000d\000'\000u\000n\000e\000\040\000i\000m\000a\000g\000e}{section.A.3}% 26
\BOOKMARK [2][-]{subsection.A.3.2}{\376\377\000A\000t\000t\000e\000n\000t\000i\000o\000n\000\040\000g\000l\000o\000b\000a\000l\000e\000\040\000e\000n\000t\000r\000e\000\040\000l\000e\000s\000\040\000v\000u\000e\000s}{section.A.3}% 27
\BOOKMARK [1][-]{section.A.4}{\376\377\000T\000\352\000t\000e\000s\000\040\000d\000e\000\040\000p\000r\000\351\000d\000i\000c\000t\000i\000o\000n\000\040\000e\000t\000\040\000s\000o\000r\000t\000i\000e\000s\000\040\000g\000\351\000o\000m\000\351\000t\000r\000i\000q\000u\000e\000s}{appendix.A}% 28
\BOOKMARK [2][-]{subsection.A.4.1}{\376\377\000P\000a\000r\000a\000m\000\350\000t\000r\000e\000s\000\040\000e\000t\000\040\000p\000o\000s\000e\000s\000\040\000d\000e\000s\000\040\000c\000a\000m\000\351\000r\000a\000s}{section.A.4}% 29
\BOOKMARK [2][-]{subsection.A.4.2}{\376\377\000C\000a\000r\000t\000e\000s\000\040\000d\000e\000\040\000p\000r\000o\000f\000o\000n\000d\000e\000u\000r}{section.A.4}% 30
\BOOKMARK [2][-]{subsection.A.4.3}{\376\377\000P\000o\000i\000n\000t\000\040\000m\000a\000p\000s}{section.A.4}% 31
\BOOKMARK [2][-]{subsection.A.4.4}{\376\377\000S\000u\000i\000v\000i\000\040\000d\000e\000\040\000p\000o\000i\000n\000t\000s\000\040\000e\000n\000t\000r\000e\000\040\000l\000e\000s\000\040\000i\000m\000a\000g\000e\000s}{section.A.4}% 32
\BOOKMARK [1][-]{section.A.5}{\376\377\000D\000\351\000r\000o\000u\000l\000e\000m\000e\000n\000t\000\040\000d\000'\000u\000n\000e\000\040\000i\000n\000f\000\351\000r\000e\000n\000c\000e}{appendix.A}% 33
\BOOKMARK [1][-]{section.A.6}{\376\377\000I\000n\000t\000\351\000r\000\352\000t\000\040\000d\000u\000\040\000p\000r\000\351\000-\000t\000r\000a\000i\000t\000e\000m\000e\000n\000t\000\040\000p\000o\000u\000r\000\040\000V\000G\000G\000T}{appendix.A}% 34
\BOOKMARK [1][-]{section.A.7}{\376\377\000L\000i\000m\000i\000t\000e\000s\000\040\000d\000a\000n\000s\000\040\000l\000e\000\040\000c\000o\000n\000t\000e\000x\000t\000e\000\040\000d\000e\000\040\000l\000'\000\351\000t\000u\000d\000e}{appendix.A}% 35
\BOOKMARK [0][-]{appendix.B}{\376\377\000P\000r\000i\000n\000c\000i\000p\000e\000s\000\040\000d\000e\000\040\000f\000o\000n\000c\000t\000i\000o\000n\000n\000e\000m\000e\000n\000t\000\040\000e\000t\000\040\000m\000o\000d\000\351\000l\000i\000s\000a\000t\000i\000o\000n\000\040\000d\000e\000s\000\040\000c\000a\000p\000t\000e\000u\000r\000s\000\040\000e\000m\000b\000a\000r\000q\000u\000\351\000s}{}% 36
\BOOKMARK [1][-]{section.B.1}{\376\377\000M\000o\000d\000\350\000l\000e\000\040\000c\000i\000n\000\351\000m\000a\000t\000i\000q\000u\000e\000\040\000\340\000\040\000q\000u\000a\000t\000r\000e\000\040\000r\000o\000u\000e\000s\000\040\000d\000i\000r\000e\000c\000t\000r\000i\000c\000e\000s\000\040\000\050\000F\000o\000u\000r\000-\000W\000h\000e\000e\000l\000\040\000S\000t\000e\000e\000r\000i\000n\000g\000\040\040\023\000\040\0004\000W\000S\000\051}{appendix.B}% 37
\BOOKMARK [1][-]{section.B.2}{\376\377\000P\000o\000s\000i\000t\000i\000o\000n\000n\000e\000m\000e\000n\000t\000\040\000e\000t\000\040\000v\000\351\000r\000i\000t\000\351\000\040\000t\000e\000r\000r\000a\000i\000n\000\040\000p\000a\000r\000\040\000G\000N\000S\000S\000\040\000/\000\040\000G\000P\000S}{appendix.B}% 38
