\BOOKMARK [0][-]{Doc-Start}{\376\377\000R\000e\000m\000e\000r\000c\000i\000e\000m\000e\000n\000t\000s}{}% 1
\BOOKMARK [0][-]{Doc-Start}{\376\377\000O\000b\000j\000e\000c\000t\000i\000f\000\040\000d\000u\000\040\000s\000t\000a\000g\000e}{}% 2
\BOOKMARK [0][-]{chapter.1}{\376\377\000P\000r\000\351\000s\000e\000n\000t\000a\000t\000i\000o\000n\000\040\000d\000e\000\040\000l\000'\000e\000n\000t\000r\000e\000p\000r\000i\000s\000e\000\040\000e\000t\000\040\000d\000u\000\040\000s\000e\000r\000v\000i\000c\000e}{}% 3
\BOOKMARK [1][-]{section.1.1}{\376\377\000L\000'\000e\000n\000t\000r\000e\000p\000r\000i\000s\000e}{chapter.1}% 4
\BOOKMARK [2][-]{subsection.1.1.1}{\376\377\000C\000a\000r\000t\000e\000\040\000d\000'\000i\000d\000e\000n\000t\000i\000t\000\351\000\040\000e\000t\000\040\000c\000a\000r\000a\000c\000t\000\351\000r\000i\000s\000t\000i\000q\000u\000e\000s}{section.1.1}% 5
\BOOKMARK [2][-]{subsection.1.1.2}{\376\377\000H\000i\000s\000t\000o\000r\000i\000q\000u\000e\000\040\000d\000e\000\040\000l\000'\000e\000n\000t\000r\000e\000p\000r\000i\000s\000e}{section.1.1}% 6
\BOOKMARK [2][-]{subsection.1.1.3}{\376\377\000I\000m\000p\000l\000a\000n\000t\000a\000t\000i\000o\000n\000\040\000g\000\351\000o\000g\000r\000a\000p\000h\000i\000q\000u\000e}{section.1.1}% 7
\BOOKMARK [1][-]{section.1.2}{\376\377\000L\000e\000\040\000s\000e\000r\000v\000i\000c\000e\000\040\000d\000'\000a\000c\000c\000u\000e\000i\000l}{chapter.1}% 8
\BOOKMARK [2][-]{subsection.1.2.1}{\376\377\000G\000o\000u\000v\000e\000r\000n\000a\000n\000c\000e\000\040\000g\000l\000o\000b\000a\000l\000e\000\040\000e\000t\000\040\000e\000n\000v\000i\000r\000o\000n\000n\000e\000m\000e\000n\000t\000\040\000h\000u\000m\000a\000i\000n}{section.1.2}% 9
\BOOKMARK [2][-]{subsection.1.2.2}{\376\377\000L\000'\000A\000x\000e\000\040\000I\000S\000P\000R\000\040\000e\000t\000\040\000l\000'\000\351\000q\000u\000i\000p\000e\000\040\000C\000o\000m\000S\000e\000e}{section.1.2}% 10
\BOOKMARK [2][-]{subsection.1.2.3}{\376\377\000E\000n\000v\000i\000r\000o\000n\000n\000e\000m\000e\000n\000t\000\040\000t\000e\000c\000h\000n\000i\000q\000u\000e\000\040\000e\000t\000\040\000p\000l\000a\000t\000e\000f\000o\000r\000m\000e\000s\000\040\000d\000'\000e\000x\000p\000\351\000r\000i\000m\000e\000n\000t\000a\000t\000i\000o\000n}{section.1.2}% 11
\BOOKMARK [0][-]{chapter.2}{\376\377\000P\000r\000\351\000s\000e\000n\000t\000a\000t\000i\000o\000n\000\040\000d\000u\000\040\000p\000o\000s\000t\000e\000\040\000o\000c\000c\000u\000p\000\351\000\040\000e\000t\000\040\000d\000e\000\040\000l\000'\000\351\000t\000u\000d\000e}{}% 12
\BOOKMARK [1][-]{section.2.1}{\376\377\000L\000e\000\040\000p\000o\000s\000t\000e\000\040\000o\000c\000c\000u\000p\000\351}{chapter.2}% 13
\BOOKMARK [1][-]{section.2.2}{\376\377\000L\000'\000\351\000t\000u\000d\000e\000\040\000c\000o\000n\000f\000i\000\351\000e}{chapter.2}% 14
\BOOKMARK [0][-]{chapter.3}{\376\377\000L\000e\000\040\000d\000\351\000m\000a\000r\000r\000a\000g\000e\000\040\000d\000e\000\040\000l\000'\000\351\000t\000u\000d\000e}{}% 15
\BOOKMARK [1][-]{section.3.1}{\376\377\000A\000n\000a\000l\000y\000s\000e\000\040\000e\000t\000\040\000C\000r\000i\000t\000i\000q\000u\000e\000\040\000p\000r\000\351\000a\000l\000a\000b\000l\000e\000s\000\040\000d\000e\000\040\000l\000'\000e\000x\000i\000s\000t\000a\000n\000t}{chapter.3}% 16
\BOOKMARK [2][-]{subsection.3.1.1}{\376\377\000A\000n\000a\000l\000y\000s\000e\000\040\000e\000t\000\040\000C\000o\000n\000s\000t\000a\000t}{section.3.1}% 17
\BOOKMARK [2][-]{subsection.3.1.2}{\376\377\000C\000r\000i\000t\000i\000q\000u\000e}{section.3.1}% 18
\BOOKMARK [1][-]{section.3.2}{\376\377\000P\000r\000o\000p\000o\000s\000i\000t\000i\000o\000n\000s\000\040\000d\000e\000\040\000s\000o\000l\000u\000t\000i\000o\000n\000s}{chapter.3}% 19
\BOOKMARK [2][-]{subsection.3.2.1}{\376\377\000P\000i\000p\000e\000l\000i\000n\000e\000\040\000d\000e\000\040\000p\000r\000\351\000-\000t\000r\000a\000i\000t\000e\000m\000e\000n\000t\000\040\000e\000n\000\040\000a\000m\000o\000n\000t}{section.3.2}% 20
\BOOKMARK [2][-]{subsection.3.2.2}{\376\377\000E\000x\000p\000l\000o\000i\000t\000a\000t\000i\000o\000n\000\040\000d\000e\000s\000\040\000d\000o\000n\000n\000\351\000e\000s\000\040\000L\000i\000D\000A\000R}{section.3.2}% 21
\BOOKMARK [2][-]{subsection.3.2.3}{\376\377\000S\000\351\000l\000e\000c\000t\000i\000o\000n\000\040\000d\000'\000i\000m\000a\000g\000e\000s\000\040\000e\000t\000\040\000r\000e\000c\000o\000u\000v\000r\000e\000m\000e\000n\000t\000\040\000v\000i\000s\000u\000e\000l}{section.3.2}% 22
\BOOKMARK [0][-]{chapter.4}{\376\377\000\311\000t\000u\000d\000e\000\040\000:\000\040\000M\000i\000s\000e\000\040\000e\000n\000\040\000p\000l\000a\000c\000e\000\040\000e\000t\000\040\000s\000u\000i\000v\000i\000\040\000d\000e\000s\000\040\000s\000o\000l\000u\000t\000i\000o\000n\000s\000\040\000p\000r\000o\000p\000o\000s\000\351\000e\000s}{}% 23
\BOOKMARK [1][-]{section.4.1}{\376\377\000C\000a\000d\000r\000e\000\040\000e\000x\000p\000\351\000r\000i\000m\000e\000n\000t\000a\000l}{chapter.4}% 24
\BOOKMARK [2][-]{subsection.4.1.1}{\376\377\000S\000c\000\351\000n\000a\000r\000i\000o\000\040\000r\000e\000t\000e\000n\000u}{section.4.1}% 25
\BOOKMARK [2][-]{subsection.4.1.2}{\376\377\000L\000o\000g\000i\000s\000t\000i\000q\000u\000e\000\040\000u\000t\000i\000l\000i\000s\000\351\000e}{section.4.1}% 26
\BOOKMARK [1][-]{section.4.2}{\376\377\000F\000i\000l\000t\000r\000a\000g\000e\000\040\000c\000i\000n\000\351\000m\000a\000t\000i\000q\000u\000e\000\040\000\050\000\340\000\040\000l\000'\000a\000r\000r\000\352\000t\000\040\000d\000u\000\040\000v\000\351\000h\000i\000c\000u\000l\000e\000\051}{chapter.4}% 27
\BOOKMARK [2][-]{subsection.4.2.1}{\376\377\000S\000y\000n\000c\000h\000r\000o\000n\000i\000s\000a\000t\000i\000o\000n\000\040\000t\000e\000m\000p\000o\000r\000e\000l\000l\000e\000\040\000s\000t\000r\000i\000c\000t\000e\000\040\000e\000t\000\040\000g\000e\000s\000t\000i\000o\000n\000\040\000d\000e\000s\000\040\000f\000l\000u\000x\000\040\000i\000n\000t\000e\000r\000m\000i\000t\000t\000e\000n\000t\000s}{section.4.2}% 28
\BOOKMARK [2][-]{subsection.4.2.2}{\376\377\000E\000x\000t\000r\000a\000c\000t\000i\000o\000n\000\040\000e\000t\000\040\000t\000r\000i\000\040\000o\000d\000o\000m\000\351\000t\000r\000i\000q\000u\000e\000\040}{section.4.2}% 29
\BOOKMARK [1][-]{section.4.3}{\376\377\000A\000m\000\351\000l\000i\000o\000r\000a\000t\000i\000o\000n\000\040\000d\000e\000\040\000l\000a\000\040\000Q\000u\000a\000l\000i\000t\000\351\000\040\000d\000e\000s\000\040\000I\000m\000a\000g\000e\000s}{chapter.4}% 30
\BOOKMARK [2][-]{subsection.4.3.1}{\376\377\000T\000r\000a\000i\000t\000e\000m\000e\000n\000t\000\040\000d\000e\000\040\000l\000a\000\040\000d\000i\000s\000t\000o\000r\000s\000i\000o\000n\000\040\000o\000p\000t\000i\000q\000u\000e}{section.4.3}% 31
\BOOKMARK [2][-]{subsection.4.3.2}{\376\377\000T\000r\000a\000i\000t\000e\000m\000e\000n\000t\000\040\000d\000e\000\040\000l\000a\000\040\000s\000a\000t\000u\000r\000a\000t\000i\000o\000n}{section.4.3}% 32
\BOOKMARK [2][-]{subsection.4.3.3}{\376\377\000T\000r\000a\000i\000t\000e\000m\000e\000n\000t\000\040\000d\000u\000\040\000c\000o\000n\000t\000r\000a\000s\000t\000e}{section.4.3}% 33
\BOOKMARK [2][-]{subsection.4.3.4}{\376\377\000T\000r\000a\000i\000t\000e\000m\000e\000n\000t\000\040\000d\000u\000\040\000f\000l\000o\000u}{section.4.3}% 34
\BOOKMARK [1][-]{section.4.4}{\376\377\000G\000\351\000n\000\351\000r\000a\000t\000i\000o\000n\000\040\000d\000'\000i\000m\000a\000g\000e\000s\000\040\000\340\000\040\000p\000a\000r\000t\000i\000r\000\040\000d\000u\000\040\000L\000i\000D\000A\000R\000\040\0003\000D}{chapter.4}% 35
\BOOKMARK [2][-]{subsection.4.4.1}{\376\377\000D\000\351\000v\000e\000l\000o\000p\000p\000e\000m\000e\000n\000t\000\040\000d\000'\000u\000n\000\040\000a\000l\000g\000o\000r\000i\000t\000h\000m\000e\000\040\000S\000L\000A\000M\000\040\000p\000e\000r\000s\000o\000n\000n\000a\000l\000i\000s\000\351}{section.4.4}% 36
\BOOKMARK [2][-]{subsection.4.4.2}{\376\377\000D\000\351\000p\000l\000o\000i\000e\000m\000e\000n\000t\000\040\000d\000'\000u\000n\000e\000\040\000a\000r\000c\000h\000i\000t\000e\000c\000t\000u\000r\000e\000\040\000S\000L\000A\000M}{section.4.4}% 37
\BOOKMARK [2][-]{subsection.4.4.3}{\376\377\000C\000o\000n\000d\000i\000t\000i\000o\000n\000n\000e\000m\000e\000n\000t\000\040\000e\000t\000\040\000f\000i\000l\000t\000r\000a\000g\000e\000\040\000d\000u\000\040\000n\000u\000a\000g\000e\000\040\000d\000e\000\040\000p\000o\000i\000n\000t\000s}{section.4.4}% 38
\BOOKMARK [2][-]{subsection.4.4.4}{\376\377\000I\000n\000t\000\351\000r\000\352\000t\000\040\000d\000e\000\040\000l\000a\000\040\000r\000e\000c\000o\000n\000s\000t\000r\000u\000c\000t\000i\000o\000n\000\040\000L\000i\000D\000A\000R\000\040\000p\000o\000u\000r\000\040\000l\000a\000\040\000r\000\351\000f\000\351\000r\000e\000n\000c\000e\000\040\000g\000\351\000o\000m\000\351\000t\000r\000i\000q\000u\000e}{section.4.4}% 39
\BOOKMARK [1][-]{section.4.5}{\376\377\000F\000i\000l\000t\000r\000a\000g\000e\000\040\000v\000i\000s\000u\000e\000l\000\040\000i\000n\000t\000e\000l\000l\000i\000g\000e\000n\000t\000\040\000p\000a\000r\000\040\000L\000o\000F\000T\000R\000\040\000e\000t\000\040\000o\000p\000t\000i\000m\000i\000s\000a\000t\000i\000o\000n\000\040\000d\000u\000\040\000r\000e\000c\000o\000u\000v\000r\000e\000m\000e\000n\000t}{chapter.4}% 40
\BOOKMARK [2][-]{subsection.4.5.1}{\376\377\000D\000\351\000v\000e\000l\000o\000p\000p\000e\000m\000e\000n\000t\000\040\000d\000'\000u\000n\000\040\000m\000o\000d\000u\000l\000e\000\040\000d\000e\000\040\000s\000\351\000l\000e\000c\000t\000i\000o\000n\000\040\000v\000i\000s\000u\000e\000l\000l\000e}{section.4.5}% 41
\BOOKMARK [2][-]{subsection.4.5.2}{\376\377\000C\000o\000n\000d\000i\000t\000i\000o\000n\000n\000e\000m\000e\000n\000t\000\040\000e\000t\000\040\000n\000o\000r\000m\000a\000l\000i\000s\000a\000t\000i\000o\000n\000\040\000q\000u\000a\000l\000i\000t\000a\000t\000i\000v\000e\000\040\000d\000e\000s\000\040\000i\000m\000a\000g\000e\000s}{section.4.5}% 42
\BOOKMARK [2][-]{subsection.4.5.3}{\376\377\000A\000l\000g\000o\000r\000i\000t\000h\000m\000e\000\040\000d\000e\000\040\000c\000o\000n\000c\000a\000t\000\351\000n\000a\000t\000i\000o\000n\000\040\000e\000t\000\040\000r\000e\000c\000o\000n\000s\000t\000r\000u\000c\000t\000i\000o\000n\000\040\000d\000e\000\040\000t\000r\000a\000j\000e\000c\000t\000o\000i\000r\000e}{section.4.5}% 43
\BOOKMARK [2][-]{subsection.4.5.4}{\376\377\000A\000p\000p\000a\000r\000i\000e\000m\000e\000n\000t\000\040\000d\000e\000n\000s\000e\000\040\000p\000a\000r\000\040\000T\000r\000a\000n\000s\000f\000o\000r\000m\000e\000r\000\040\000\050\000L\000o\000F\000T\000R\000\051\000\040\000e\000t\000\040\000e\000s\000t\000i\000m\000a\000t\000i\000o\000n\000\040\000d\000u\000\040\000r\000e\000c\000o\000u\000v\000r\000e\000m\000e\000n\000t}{section.4.5}% 44
\BOOKMARK [2][-]{subsection.4.5.5}{\376\377\000D\000\351\000v\000e\000l\000o\000p\000p\000e\000m\000e\000n\000t\000\040\000d\000e\000s\000\040\000a\000l\000g\000o\000r\000i\000t\000h\000m\000e\000s\000\040\000d\000e\000\040\000s\000\351\000l\000e\000c\000t\000i\000o\000n\000\040\000s\000o\000u\000s\000\040\000c\000o\000n\000s\000i\000g\000n\000e}{section.4.5}% 45
\BOOKMARK [2][-]{subsection.4.5.6}{\376\377\000I\000n\000t\000\351\000r\000\352\000t\000\040\000d\000u\000\040\000c\000o\000n\000t\000r\000\364\000l\000e\000\040\000d\000u\000\040\000r\000e\000c\000o\000u\000v\000r\000e\000m\000e\000n\000t\000\040\000p\000o\000u\000r\000\040\000l\000e\000\040\000m\000o\000d\000\350\000l\000e\000\040\000V\000G\000G\000T}{section.4.5}% 46
\BOOKMARK [1][-]{section.4.6}{\376\377\000M\000i\000s\000e\000\040\000e\000n\000\040\000p\000l\000a\000c\000e\000\040\000e\000t\000\040\000s\000u\000i\000v\000i\000\040\000d\000e\000s\000\040\000s\000o\000l\000u\000t\000i\000o\000n\000s}{chapter.4}% 47
\BOOKMARK [2][-]{subsection.4.6.1}{\376\377\000F\000i\000l\000t\000r\000a\000g\000e\000\040\000c\000i\000n\000\351\000m\000a\000t\000i\000q\000u\000e\000\040\000\050\000A\000r\000r\000\352\000t\000\040\000d\000u\000\040\000v\000\351\000h\000i\000c\000u\000l\000e\000\051}{section.4.6}% 48
\BOOKMARK [2][-]{subsection.4.6.2}{\376\377\000A\000r\000c\000h\000i\000t\000e\000c\000t\000u\000r\000e\000\040\000d\000'\000e\000x\000t\000r\000a\000c\000t\000i\000o\000n\000\040\000e\000t\000\040\000t\000r\000a\000i\000t\000e\000m\000e\000n\000t\000\040\000p\000a\000r\000\040\000b\000l\000o\000c\000s\000\040\000\050\000C\000h\000u\000n\000k\000s\000\051}{section.4.6}% 49
\BOOKMARK [2][-]{subsection.4.6.3}{\376\377\000A\000l\000g\000o\000r\000i\000t\000h\000m\000e\000\040\000d\000e\000\040\000c\000o\000n\000c\000a\000t\000\351\000n\000a\000t\000i\000o\000n\000\040\000e\000t\000\040\000r\000e\000c\000o\000n\000s\000t\000r\000u\000c\000t\000i\000o\000n\000\040\000d\000e\000\040\000t\000r\000a\000j\000e\000c\000t\000o\000i\000r\000e}{section.4.6}% 50
\BOOKMARK [2][-]{subsection.4.6.4}{\376\377\000S\000t\000r\000a\000t\000\351\000g\000i\000e\000s\000\040\000d\000e\000\040\000r\000e\000c\000a\000l\000a\000g\000e\000\040\000f\000a\000c\000e\000\040\000\340\000\040\000l\000a\000\040\000v\000\351\000r\000i\000t\000\351\000\040\000t\000e\000r\000r\000a\000i\000n\000\040\000\050\000G\000P\000S\000\051}{section.4.6}% 51
\BOOKMARK [2][-]{subsection.4.6.5}{\376\377\000S\000u\000i\000v\000i\000\040\000d\000u\000\040\000f\000i\000l\000t\000r\000a\000g\000e\000\040\000i\000n\000t\000e\000l\000l\000i\000g\000e\000n\000t\000\040\000p\000a\000r\000\040\000L\000o\000F\000T\000R}{section.4.6}% 52
\BOOKMARK [1][-]{section.4.7}{\376\377\000B\000i\000l\000a\000n}{chapter.4}% 53
\BOOKMARK [0][-]{chapter*.8}{\376\377\000C\000o\000n\000c\000l\000u\000s\000i\000o\000n}{}% 54
\BOOKMARK [0][-]{chapter*.9}{\376\377\000B\000i\000b\000l\000i\000o\000g\000r\000a\000p\000h\000i\000e}{}% 55
\BOOKMARK [0][-]{appendix*.10}{\376\377\000A\000n\000n\000e\000x\000e\000s}{}% 56
